// Jest Snapshot v1, https://goo.gl/fbAQLP

exports[`Should render NotFoundPage correctly 1`] = `
<div>
  404!!Exception Caught 
  <Link
    activeClassName="is-active"
    replace={false}
    to="/"
  >
     Go Home
  </Link>
</div>
`;
